// Jest Snapshot v1, https://goo.gl/fbAQLP

exports[`Test in <GifItem.jsx/> should match with the Snapshot 1`] = `
<div>
  <div
    class="card"
  >
    <img
      alt="Naruto"
      src="https://naruto.com/naturo1.jpg"
    />
    <p>
      Naruto
    </p>
  </div>
</div>
`;
